500 Can't connect to localhost:5988 (Connection refused)
